// Jest Snapshot v1, https://goo.gl/fbAQLP

exports[`App.js renders 1`] = `
<div
  className="css-18nhuy4"
>
  <div
    className="css-ko3v73"
  >
    <div
      className="css-2cdian"
    >
      <svg
        height={300}
        width={1024}
      >
        <circle
          cx={512}
          cy={150}
          fill="transparent"
          r={120}
          stroke="white"
          strokeDasharray="1,6"
          strokeWidth={1}
        >
          <animate
            attributeName="stroke-width"
            attributeType="XML"
            dur="4s"
            from={1}
            repeatCount="indefinite"
            to={10}
          />
        </circle>
        <circle
          cx={512}
          cy={150}
          fill="transparent"
          opacity={0.1}
          r={103.44827586206897}
          stroke="white"
          strokeWidth={1}
        >
          <animate
            attributeName="opacity"
            attributeType="XML"
            dur="4s"
            from={0}
            repeatCount="indefinite"
            to={0.3}
          />
        </circle>
      </svg>
      <input
        className="css-1kj977d"
        data-testid="input"
        readOnly={true}
        value=""
      />
    </div>
    <div
      className="css-j6x9og"
    >
      <button
        className="css-kndt0l"
        onClick={[Function]}
        tabIndex={0}
      >
        AC
      </button>
      <button
        className="css-kndt0l"
        disabled={true}
        onClick={[Function]}
        style={
          Object {
            "opacity": 0.4,
          }
        }
        tabIndex={1}
      >
        ←
      </button>
    </div>
    <div
      className="css-rlf52g"
    >
      <div
        className="css-ov1ktg"
      >
        <button
          className="css-45xxc6"
          id="I"
          onClick={[Function]}
          tabIndex={2}
        >
          I
        </button>
        <button
          className="css-45xxc6"
          id="V"
          onClick={[Function]}
          tabIndex={3}
        >
          V
        </button>
        <button
          className="css-45xxc6"
          id="X"
          onClick={[Function]}
          tabIndex={4}
        >
          X
        </button>
      </div>
      <div
        className="css-ov1ktg"
      >
        <button
          className="css-45xxc6"
          id="L"
          onClick={[Function]}
          tabIndex={2}
        >
          L
        </button>
        <button
          className="css-45xxc6"
          id="C"
          onClick={[Function]}
          tabIndex={3}
        >
          C
        </button>
        <button
          className="css-45xxc6"
          id="D"
          onClick={[Function]}
          tabIndex={4}
        >
          D
        </button>
        <button
          className="css-45xxc6"
          id="M"
          onClick={[Function]}
          tabIndex={5}
        >
          M
        </button>
      </div>
    </div>
    <div
      className="css-1vupdkq"
    >
      <button
        className="css-dyzt8p"
        onClick={[Function]}
        tabIndex={9}
      >
        <span>
          +
        </span>
      </button>
      <button
        className="css-dyzt8p"
        onClick={[Function]}
        tabIndex={10}
      >
        <span>
          −
        </span>
      </button>
      <button
        className="css-dyzt8p"
        onClick={[Function]}
        tabIndex={11}
      >
        <span>
          ×
        </span>
      </button>
      <button
        className="css-dyzt8p"
        onClick={[Function]}
        tabIndex={12}
      >
        <span>
          ÷
        </span>
      </button>
      <button
        className="css-dyzt8p"
        onClick={[Function]}
        tabIndex={13}
      >
        <span>
          =
        </span>
      </button>
    </div>
    <div
      className="css-1n22ovz"
    >
      <button
        className="css-1mmka7t"
        onClick={[Function]}
      >
        Classic
      </button>
      <button
        className="css-47h7xl"
        onClick={[Function]}
      >
        Experimental
      </button>
    </div>
  </div>
</div>
`;
